// Jest Snapshot v1, https://goo.gl/fbAQLP

exports[`Pruebas en <FirstApp /> pero con menos codigo y mas limpio debe de hace match con el snapshot 1`] = `
<div>
  <h2
    data-testid="test-title"
  >
    Hola, Soy Adrian
  </h2>
  <p>
    Esto es un subtitulo
  </p>
  <p>
    Esto es un subtitulo
  </p>
</div>
`;
