// Jest Snapshot v1, https://goo.gl/fbAQLP

exports[`Pruebas en FirstApp Debe de hacer match con el snapshot 1`] = `
<div>
  <h2>
    Hola Soy Adrian
  </h2>
  <p>
    Esto es un subtitulo
  </p>
</div>
`;
